// Jest Snapshot v1, https://goo.gl/fbAQLP

exports[`FormInput renders properly 1`] = `"<input type="text" class="">"`;
